PyShell 0.9.5 - The Flakiest Python Shell
Python 2.5 (r25:51908, Sep 19 2006, 09:52:17) [MSC v.1310 32 bit (Intel)] on win32
Type "help", "copyright", "credits" or "license" for more information.
>>> from os import listdir as ls
>>> ls('')
['2003-01-B&N.jpg', 'album.html', 'autoit.txt', 'base.py', 'bedtime.py', 'Bravo', 'Chart _ album.html', 'Chart _ album_files', 'chatter.py', 'chomsongs.txt', 'cookies.lwp', 'cookies_tester.py', 'Copy of fb2-test.py', 'done.txt', 'emails', 'facebookaccess.py', 'facebook_friends.html', 'facebook_friends.py', 'facebook_friends_01.py', 'facebook_friends_02.py', 'fb-examples', 'fb-getit.bat', 'fb-imgs.html', 'fb-sendit.bat', 'fb.py', 'fb2-test.py', 'fb2.py', 'fb3-class.py', 'fb3-sub.py', 'ff-out.html', 'ff-out2.html', 'ff.html', 'ff2.html', 'flashtipslinks.txt', 'get chom music.pyw', 'gmail.py', 'IDLE (Python GUI).lnk', 'index.htm', 'learnflash getvids.pyw', 'media', 'mycookies.txt', 'pass-test.py', 'project-voice chat', 'pyinstaller-1.3', 'Shortcut to SciTE.exe.lnk', 'sockplay', 'song_list.py', 'stardate-test.py', 'stardate.py', 'test.html', 'testbed', 'test_text.txt', 'things_to_ponder.html', 'things_to_ponder.py', 'tic-tac-toe-01.py', 'useless.py', 'wiki_ex-01.py', 'window.py', 'window02.py', 'window03.py', 'wscite', 'zipper', 'zzz1.php.htm', 'zzz2.php.htm', 'zzz3.php.htm', 'zzz4.php.htm', 'zzz5.php.htm', 'zzz6.php.htm', 'zzzztest.html', 'zzzzz.html', '_FTP']
>>> ls('../../../..')
['.Editra', '.idlerc', '.limewire', '.spe', 'Application Data', 'Complete', 'Contacts', 'Cookies', 'Desktop', 'exp', 'Favorites', 'Incomplete', 'Local Settings', 'LuResult.txt', 'My Documents', 'NetHood', 'NTUSER.DAT', 'ntuser.dat.LOG', 'ntuser.ini', 'PrintHood', 'Recent', 'save.p', 'SciTE.recent', 'SciTE.ses', 'SendTo', 'SEPY1_PROJECTS.ini', 'Shared', 'Start Menu', 'Templates', 'UserData', 'WhiteCap', 'WINDOWS']
>>> ls('../../..')
['0000temp_bookmarks.py', '2006-07-31-01.reg', '2006-08-01-speech-01.reg', '2007-09-06-speech-02-2.reg', '2007-09-06-speech-02-classes.reg', '2007-09-06-speech-02.reg', '206.doc', '214.doc', '215.doc', 'aaaaaaa-to-do.txt', 'aaaaaaa.txt', 'adblock list 2005sept', 'adblock list 2005sept.txt', 'arms12.swf', 'avast_backup.reg', 'avast_folder_backup.reg', 'avast_star_backup.reg', 'avg-7_5-anti-spyware-manual.pdf', 'BlankMap-World.png', 'BoM_geography.gif', 'bookmarks-2005apr-dn.html', 'bookmarks-2005apr-up.html', 'bookmarks-2005dec-new.html', 'bookmarks-2005nov-new.html', 'bookmarks-2005oct-new.html', 'bookmarks-2005sep-new.html', 'bookmarks-2006aug-new.html', 'bookmarks-2006dec-new.html', 'bookmarks-2006feb-new.html', 'bookmarks-2006jan-new.html', 'bookmarks-2006july-new.html', 'bookmarks-2006june-new.html', 'bookmarks-2006may-new.html', 'bookmarks-2006nov-new.html', 'bookmarks-2007apr-new.html', 'bookmarks-2007jan-new.html', 'bookmarks-2007jun-new.html', 'bookmarks-2007sept-new.html', 'bookmarks-2008feb-new.html', 'Brandon', 'brandon application.htm', 'BT', 'Corel User Files', 'D&C 13.wav', 'D&C 4.wav', 'D&C4.doc', 'Default.rdp', 'desktop.ini', 'Directory of shared mp3s.doc', 'downstairs -system- dir.xls', 'Duty to God - Priest.pdf', 'Expirement 2.8.doc', 'Firefox Setup 1.0.6.exe', 'Firefox Setup 1.0.7.exe', 'FirstClass', 'For the Strength of Youth.pdf', 'FTP_base', 'General Conference Guide.doc', 'Ginette', 'gov-work.html', 'inspiration1.flv', 'inventory.txt', 'J0292982.WMF', 'LimeWire Shared.lnk', 'Messenger Plus! settings for nullisecundus1@hotmail.pld', 'miditowav.htm', 'missionaryRecommendation.pdf', 'MTCORSVA.TTF', 'My Chat Logs', 'My Downloads', 'My Music', 'My Pictures', 'My Received Files', 'My Sharing Folders.lnk', 'My Skype Content', 'My Videos', 'My Webs', 'My Widgets', 'Nathan', 'olympustrip01.jpg', 'olympustrip02.jpg', 'olympustrip03.jpg', 'olympustrip04.jpg', 'php_mysql_flash.flv', 'R&D Nov98.doc', 'Resume Brandon-2007.doc', 'Resume Brandon.doc', 'Scripture Masteries BoM.doc', 'spider.sav', 'SVGAbout.svg', 'table.JPG', 'temp.JPG', 'Thumbs.db', 'TL12.doc', 'True to the Faith.pdf', 'Updater', 'Updater5', 'Visual Studio 2005', 'vncviewer.exe', 'web server (shortcut).lnk', 'Web Stuff', 'welcome-chinese.ai', 'welcome-chinese.jpg', 'welcome-chinese.pdf', 'windows98_activation.txt', 'zipscan.reg', 'zipscan2.reg']
>>> book = open('../../../bookmarks-2008feb-new.html')
>>> marks = book.read()
>>> book.close()
>>> from BeautifulSoup import BeautifulSoup as bs
>>> p = bs(marks)
>>> anc = p.findAll('a')
>>> len(anc)
987
>>> anc[0]
<a href="http://www.google.ca/ig" add_date="1182985213" last_visit="1204562712" icon="data:image/x-icon;base64,AAABAAEAEBAAAAAAAABoBQAAFgAAACgAAAAQAAAAIAAAAAEACAAAAAAAAAAAAAAAAAAAAAAAAAAAAAAAAAAAAAAAAACAAACAAAAAgIAAgAAAAIAAgACAgAAAwMDAAICAgAAAAP8AAP8AAAD//wD/AAAA/wD/AP//AAD///8A//3/AP39/wD6/f8A+P3/AP/8/wD9/P8A+vz/AP/7/wD/+v8A/vr/APz6/wD4+v8A+/n/APP5/wD/+P8A+vj/AO/4/wDm+P8A2fj/AP/3/wD/9v8A9vb/AP/1/wD69f8A9PT/AO30/wD/8/8A//L/APnx/wD28P8A///+APj//gD2//4A9P/+AOP//gD//f4A6f/9AP///AD2//wA8//8APf9/AD///sA/v/7AOD/+wD/+vsA9/X7APr/+gDv/voA///5AP/9+QD/+/kA+e35AP//+ADm//gA4f/4AP/9+AD0+/gA///3APv/9wDz//cA8f/3AO3/9wD/8fcA//32AP369gDr+vYA8f/1AOv/9QD/+/UA///0APP/9ADq//QA///zAP/18wD///IA/fzyAP//8QD///AA9//wAPjw8AD//+8A8//vAP//7gD9/+4A9v/uAP/u7gD//+0A9v/tAP7/6wD/+eoA///pAP//6AD2/+gA//nnAP/45wD38eYA/fblAP/25AD29uQA7N/hAPzm4AD/690AEhjdAAAa3AAaJdsA//LXAC8g1gANH9YA+dnTAP/n0gDh5dIADyjSABkk0gAdH9EABxDRAP/l0AAAJs4AGRTOAPPczQAAKs0AIi7MAA4UywD56soA8tPKANTSygD/18kA6NLHAAAjxwDj28QA/s7CAP/1wQDw3r8A/9e8APrSrwDCtqoAzamjANmPiQDQj4YA35mBAOmefgDHj3wA1qR6AO+sbwDpmm8A2IVlAKmEYgCvaFoAvHNXAEq2VgA5s1UAPbhQAFWtTwBStU0ARbNNAEGxTQA7tEwAObZIAEq5RwDKdEYAULhDANtuQgBEtTwA1ls3ALhgMQCxNzEA2FsvAEC3LQB0MCkAiyYoANZTJwDLWyYAtjMlALE6JACZNSMAuW4iANlgIgDoWCEAylwgAMUuIAD3Vh8A52gdALRCHQCxWhwAsEkcALU4HACMOBwA0V4bAMYyGgCPJRoA218ZAJM7FwC/PxYA0msVAM9jFQD2XBUAqioVAIAfFQDhYRQAujMTAMUxEwCgLBMAnxIPAMsqDgCkFgsA6GMHALE2BAC9JQAAliIAAFYTAAAAAAAAAAAAAAAAAAAAAAAAAAAAAAAAAAAAAAAAAAAAAAAAAAAAAAAAAAAAAAAAAAAAAAAAAAAAAAAAAAAAAAAAAAAAAAAAAAAAAAAAAAAAAAAAAAAAAAAAAAAAAAAAAAAAAAAAAAAAAAAAAAAAAAAAAAAAAAAAAAD///8AsbGxsbGxsbGxsbGxsbGxd7IrMg8PDw8PDw8PUBQeJXjQYE9PcKPM2NfP2sWhcg+BzTE7dLjbmG03YWaV4JYye8MPbsLZlEouKRRCg9SXMoW/U53enGRAFzCRtNO7mTiAyliw30gRTg9VbJCKfYs0j9VmuscfLTFbIy8SOhA0Inq5Y77GNBMYIxQUJzM2Vxx2wEmfyCYWMRldXCg5MU0aicRUms58SUVeRkwjPBRSNIfBMkSgvWkyPxVHFIaMSx1/0S9nkq7WdWo1a43Jt2UqgtJERGJ5m6K8y92znpNWIYS1UQ89Mmg5cXNaX0EkGyyI3KSsp6mvpaqosaatq7axsQAAAAAAAAAAAAAAAAAAAAAAAAAAAAAAAAAAAAAAAAAAAAAAAAAAAAAAAAAAAAAAAAAAAAAAAAAAAAAAAAAAAAA=" last_charset="UTF-8" id="rdf:#$S+c6I">iGoogle</a>
>>> anc[0].nextSibling()
Traceback (most recent call last):
  File "<input>", line 1, in <module>
TypeError: 'NavigableString' object is not callable
>>> anc[0].nextSibling
u'\n'
>>> anc[0].nextSibling.nextSibling
>>> anc[5].nextSibling
u'\n'
>>> anc[50].nextSibling
u'\n'
>>> anc[8].nextSibling
u'\n'
>>> anc[8].nextSibling.nextSibling
>>> anc[8]
<a href="http://www.w3schools.com/php/default.asp" add_date="1186622429" last_visit="1200158642" icon="data:image/x-icon;base64,AAABAAEAEBAQAAAAAAAoAQAAFgAAACgAAAAQAAAAIAAAAAEABAAAAAAAgAAAAAAAAAAAAAAAAAAAAAAAAAAAAAAAgAAAAACAAACAgAAAAACAAIAAgAAAgIAAwMDAAICAgAD/AAAAAP8AAP//AAAAAP8A/wD/AAD//wD///8AAAAAAAAAAAAACIiIiIgAAAAAAAAAAIcAAMzMzMzAhwAMzMzMzMyHAAzP/Mz/zIcADM/8zP/MhwAMzMzMzMyHAAzP/Mz/zIcADM/8zP/MhwAMzMzMzMyHAAzP/Mz/zIcADM/8zP/MhwAMzMzMzMyAAADMzMzMwAAAAAAAAAAAAAD//wAA4A8AAMADAADAAwAAgAMAAIADAACAAwAAgAMAAIADAACAAwAAgAMAAIADAACAAwAAgAcAAMAfAAD//wAA" last_charset="ISO-8859-1" id="rdf:#$GSSsv1">PHP Tutorial</a>
>>> temp = anc[8].fetchNextSiblings()
>>> len(temp)
0
>>> temp
[]
>>> anc[8].fetchParents()
*******friggin' long text (page source)*******
>>> temp = anc[8].fetchParents()
>>> len(temp)
11
>>> len(temp[0])
2
>>> len(anc[8].findParent())
2
>>> type(anc[8].findParent())
<type 'instance'>
>>> len(anc[8].findParent()[0])
Traceback (most recent call last):
  File "<input>", line 1, in <module>
  File "C:\Python25\lib\site-packages\BeautifulSoup.py", line 430, in __getitem__
    return self._getAttrMap()[key]
KeyError: 0
>>> len(anc[8].findParent().contents)
2
>>> len(anc[8].findParent().contents[0])
1
>>> type(anc[8].findParent().contents[0])
<type 'instance'>
>>> anc[8].findParent().contents[0]
<a href="http://www.w3schools.com/php/default.asp" add_date="1186622429" last_visit="1200158642" icon="data:image/x-icon;base64,AAABAAEAEBAQAAAAAAAoAQAAFgAAACgAAAAQAAAAIAAAAAEABAAAAAAAgAAAAAAAAAAAAAAAAAAAAAAAAAAAAAAAgAAAAACAAACAgAAAAACAAIAAgAAAgIAAwMDAAICAgAD/AAAAAP8AAP//AAAAAP8A/wD/AAD//wD///8AAAAAAAAAAAAACIiIiIgAAAAAAAAAAIcAAMzMzMzAhwAMzMzMzMyHAAzP/Mz/zIcADM/8zP/MhwAMzMzMzMyHAAzP/Mz/zIcADM/8zP/MhwAMzMzMzMyHAAzP/Mz/zIcADM/8zP/MhwAMzMzMzMyAAADMzMzMwAAAAAAAAAAAAAD//wAA4A8AAMADAADAAwAAgAMAAIADAACAAwAAgAMAAIADAACAAwAAgAMAAIADAACAAwAAgAcAAMAfAAD//wAA" last_charset="ISO-8859-1" id="rdf:#$GSSsv1">PHP Tutorial</a>
>>> len(anc[8].findParent().contents[1])
1
>>> anc[8].findParent().contents[1]
u'\n'
>>> anc[8].findNextSibling('dd')
>>> len(anc[8].findNextSiblings('dd'))
0
>>> len(None)
Traceback (most recent call last):
  File "<input>", line 1, in <module>
TypeError: object of type 'NoneType' has no len()
>>> type(anc[8].findNextSiblings('dd'))
<class 'BeautifulSoup.ResultSet'>
>>> anc[8].findNextSiblings('dd')
[]
>>> anc[8]['href']
u'http://www.w3schools.com/php/default.asp'
>>> anc[8].contents
[u'PHP Tutorial']
>>> temp = anc[8].findParent('dt')
>>> len(temp)
2
>>> len(temp[0])
Traceback (most recent call last):
  File "<input>", line 1, in <module>
  File "C:\Python25\lib\site-packages\BeautifulSoup.py", line 430, in __getitem__
    return self._getAttrMap()[key]
KeyError: 0
>>> len(temp.contents[0])
1
>>> temp.contents[0]
<a href="http://www.w3schools.com/php/default.asp" add_date="1186622429" last_visit="1200158642" icon="data:image/x-icon;base64,AAABAAEAEBAQAAAAAAAoAQAAFgAAACgAAAAQAAAAIAAAAAEABAAAAAAAgAAAAAAAAAAAAAAAAAAAAAAAAAAAAAAAgAAAAACAAACAgAAAAACAAIAAgAAAgIAAwMDAAICAgAD/AAAAAP8AAP//AAAAAP8A/wD/AAD//wD///8AAAAAAAAAAAAACIiIiIgAAAAAAAAAAIcAAMzMzMzAhwAMzMzMzMyHAAzP/Mz/zIcADM/8zP/MhwAMzMzMzMyHAAzP/Mz/zIcADM/8zP/MhwAMzMzMzMyHAAzP/Mz/zIcADM/8zP/MhwAMzMzMzMyAAADMzMzMwAAAAAAAAAAAAAD//wAA4A8AAMADAADAAwAAgAMAAIADAACAAwAAgAMAAIADAACAAwAAgAMAAIADAACAAwAAgAcAAMAfAAD//wAA" last_charset="ISO-8859-1" id="rdf:#$GSSsv1">PHP Tutorial</a>
>>> temp.findNextSibling('dd')
<dd>Free HTML XHTML CSS JavaScript DHTML XML DOM XSL XSLT RSS AJAX ASP ADO PHP SQL tutorials, references, examples for web building.
                    </dd>
>>> anc[0]
<a href="http://www.google.ca/ig" add_date="1182985213" last_visit="1204562712" icon="data:image/x-icon;base64,AAABAAEAEBAAAAAAAABoBQAAFgAAACgAAAAQAAAAIAAAAAEACAAAAAAAAAAAAAAAAAAAAAAAAAAAAAAAAAAAAAAAAACAAACAAAAAgIAAgAAAAIAAgACAgAAAwMDAAICAgAAAAP8AAP8AAAD//wD/AAAA/wD/AP//AAD///8A//3/AP39/wD6/f8A+P3/AP/8/wD9/P8A+vz/AP/7/wD/+v8A/vr/APz6/wD4+v8A+/n/APP5/wD/+P8A+vj/AO/4/wDm+P8A2fj/AP/3/wD/9v8A9vb/AP/1/wD69f8A9PT/AO30/wD/8/8A//L/APnx/wD28P8A///+APj//gD2//4A9P/+AOP//gD//f4A6f/9AP///AD2//wA8//8APf9/AD///sA/v/7AOD/+wD/+vsA9/X7APr/+gDv/voA///5AP/9+QD/+/kA+e35AP//+ADm//gA4f/4AP/9+AD0+/gA///3APv/9wDz//cA8f/3AO3/9wD/8fcA//32AP369gDr+vYA8f/1AOv/9QD/+/UA///0APP/9ADq//QA///zAP/18wD///IA/fzyAP//8QD///AA9//wAPjw8AD//+8A8//vAP//7gD9/+4A9v/uAP/u7gD//+0A9v/tAP7/6wD/+eoA///pAP//6AD2/+gA//nnAP/45wD38eYA/fblAP/25AD29uQA7N/hAPzm4AD/690AEhjdAAAa3AAaJdsA//LXAC8g1gANH9YA+dnTAP/n0gDh5dIADyjSABkk0gAdH9EABxDRAP/l0AAAJs4AGRTOAPPczQAAKs0AIi7MAA4UywD56soA8tPKANTSygD/18kA6NLHAAAjxwDj28QA/s7CAP/1wQDw3r8A/9e8APrSrwDCtqoAzamjANmPiQDQj4YA35mBAOmefgDHj3wA1qR6AO+sbwDpmm8A2IVlAKmEYgCvaFoAvHNXAEq2VgA5s1UAPbhQAFWtTwBStU0ARbNNAEGxTQA7tEwAObZIAEq5RwDKdEYAULhDANtuQgBEtTwA1ls3ALhgMQCxNzEA2FsvAEC3LQB0MCkAiyYoANZTJwDLWyYAtjMlALE6JACZNSMAuW4iANlgIgDoWCEAylwgAMUuIAD3Vh8A52gdALRCHQCxWhwAsEkcALU4HACMOBwA0V4bAMYyGgCPJRoA218ZAJM7FwC/PxYA0msVAM9jFQD2XBUAqioVAIAfFQDhYRQAujMTAMUxEwCgLBMAnxIPAMsqDgCkFgsA6GMHALE2BAC9JQAAliIAAFYTAAAAAAAAAAAAAAAAAAAAAAAAAAAAAAAAAAAAAAAAAAAAAAAAAAAAAAAAAAAAAAAAAAAAAAAAAAAAAAAAAAAAAAAAAAAAAAAAAAAAAAAAAAAAAAAAAAAAAAAAAAAAAAAAAAAAAAAAAAAAAAAAAAAAAAAAAAAAAAAAAAD///8AsbGxsbGxsbGxsbGxsbGxd7IrMg8PDw8PDw8PUBQeJXjQYE9PcKPM2NfP2sWhcg+BzTE7dLjbmG03YWaV4JYye8MPbsLZlEouKRRCg9SXMoW/U53enGRAFzCRtNO7mTiAyliw30gRTg9VbJCKfYs0j9VmuscfLTFbIy8SOhA0Inq5Y77GNBMYIxQUJzM2Vxx2wEmfyCYWMRldXCg5MU0aicRUms58SUVeRkwjPBRSNIfBMkSgvWkyPxVHFIaMSx1/0S9nkq7WdWo1a43Jt2UqgtJERGJ5m6K8y92znpNWIYS1UQ89Mmg5cXNaX0EkGyyI3KSsp6mvpaqosaatq7axsQAAAAAAAAAAAAAAAAAAAAAAAAAAAAAAAAAAAAAAAAAAAAAAAAAAAAAAAAAAAAAAAAAAAAAAAAAAAAAAAAAAAAA=" last_charset="UTF-8" id="rdf:#$S+c6I">iGoogle</a>
>>> temp = anc[0].findParent('dt')
>>> temp
<dt><a href="http://www.google.ca/ig" add_date="1182985213" last_visit="1204562712" icon="data:image/x-icon;base64,AAABAAEAEBAAAAAAAABoBQAAFgAAACgAAAAQAAAAIAAAAAEACAAAAAAAAAAAAAAAAAAAAAAAAAAAAAAAAAAAAAAAAACAAACAAAAAgIAAgAAAAIAAgACAgAAAwMDAAICAgAAAAP8AAP8AAAD//wD/AAAA/wD/AP//AAD///8A//3/AP39/wD6/f8A+P3/AP/8/wD9/P8A+vz/AP/7/wD/+v8A/vr/APz6/wD4+v8A+/n/APP5/wD/+P8A+vj/AO/4/wDm+P8A2fj/AP/3/wD/9v8A9vb/AP/1/wD69f8A9PT/AO30/wD/8/8A//L/APnx/wD28P8A///+APj//gD2//4A9P/+AOP//gD//f4A6f/9AP///AD2//wA8//8APf9/AD///sA/v/7AOD/+wD/+vsA9/X7APr/+gDv/voA///5AP/9+QD/+/kA+e35AP//+ADm//gA4f/4AP/9+AD0+/gA///3APv/9wDz//cA8f/3AO3/9wD/8fcA//32AP369gDr+vYA8f/1AOv/9QD/+/UA///0APP/9ADq//QA///zAP/18wD///IA/fzyAP//8QD///AA9//wAPjw8AD//+8A8//vAP//7gD9/+4A9v/uAP/u7gD//+0A9v/tAP7/6wD/+eoA///pAP//6AD2/+gA//nnAP/45wD38eYA/fblAP/25AD29uQA7N/hAPzm4AD/690AEhjdAAAa3AAaJdsA//LXAC8g1gANH9YA+dnTAP/n0gDh5dIADyjSABkk0gAdH9EABxDRAP/l0AAAJs4AGRTOAPPczQAAKs0AIi7MAA4UywD56soA8tPKANTSygD/18kA6NLHAAAjxwDj28QA/s7CAP/1wQDw3r8A/9e8APrSrwDCtqoAzamjANmPiQDQj4YA35mBAOmefgDHj3wA1qR6AO+sbwDpmm8A2IVlAKmEYgCvaFoAvHNXAEq2VgA5s1UAPbhQAFWtTwBStU0ARbNNAEGxTQA7tEwAObZIAEq5RwDKdEYAULhDANtuQgBEtTwA1ls3ALhgMQCxNzEA2FsvAEC3LQB0MCkAiyYoANZTJwDLWyYAtjMlALE6JACZNSMAuW4iANlgIgDoWCEAylwgAMUuIAD3Vh8A52gdALRCHQCxWhwAsEkcALU4HACMOBwA0V4bAMYyGgCPJRoA218ZAJM7FwC/PxYA0msVAM9jFQD2XBUAqioVAIAfFQDhYRQAujMTAMUxEwCgLBMAnxIPAMsqDgCkFgsA6GMHALE2BAC9JQAAliIAAFYTAAAAAAAAAAAAAAAAAAAAAAAAAAAAAAAAAAAAAAAAAAAAAAAAAAAAAAAAAAAAAAAAAAAAAAAAAAAAAAAAAAAAAAAAAAAAAAAAAAAAAAAAAAAAAAAAAAAAAAAAAAAAAAAAAAAAAAAAAAAAAAAAAAAAAAAAAAAAAAAAAAD///8AsbGxsbGxsbGxsbGxsbGxd7IrMg8PDw8PDw8PUBQeJXjQYE9PcKPM2NfP2sWhcg+BzTE7dLjbmG03YWaV4JYye8MPbsLZlEouKRRCg9SXMoW/U53enGRAFzCRtNO7mTiAyliw30gRTg9VbJCKfYs0j9VmuscfLTFbIy8SOhA0Inq5Y77GNBMYIxQUJzM2Vxx2wEmfyCYWMRldXCg5MU0aicRUms58SUVeRkwjPBRSNIfBMkSgvWkyPxVHFIaMSx1/0S9nkq7WdWo1a43Jt2UqgtJERGJ5m6K8y92znpNWIYS1UQ89Mmg5cXNaX0EkGyyI3KSsp6mvpaqosaatq7axsQAAAAAAAAAAAAAAAAAAAAAAAAAAAAAAAAAAAAAAAAAAAAAAAAAAAAAAAAAAAAAAAAAAAAAAAAAAAAAAAAAAAAA=" last_charset="UTF-8" id="rdf:#$S+c6I">iGoogle</a>
</dt>
>>> tem = temp.findNextSibling('dd')
>>> len(tem)
Traceback (most recent call last):
  File "<input>", line 1, in <module>
TypeError: object of type 'NoneType' has no len()
>>> tem
>>> for i in range(len(anc)):
...     if anc[i]['id']=='rdf:#$+bhuz3':
...         print i
...         break
...     
45
>>> anc[45]
<a href="http://docs.python.org/lib/lib.html" add_date="1199837566" last_visit="1202678360" icon="data:image/png;base64,iVBORw0KGgoAAAANSUhEUgAAAA4AAAAPBAMAAAAmOuNHAAAAFVBMVEXAwMAA/wD/AAAAAAD//wCAgAAAAP+0+poaAAAAAXRSTlMAQObYZgAAAAFiS0dEAIgFHUgAAAAJcEhZcwAACxMAAAsTAQCanBgAAAAHdElNRQfUCwsJLSz4iU8KAAAAVElEQVQI1yWM0Q2AMAhESZgATRfQBUquuIch7L+KXOXncZB7IgrZEzU3nye56FqRPGcWP1H1km52kjgco6kXPAWit4/UbsBqkh0RP7fARxtYsDbIB4XuD9olK0PJAAAAAElFTkSuQmCC" last_charset="UTF-8" id="rdf:#$+bhuz3">Python Library Reference</a>
>>> anc[45].findParent('dt').findNextSibling('dd')
<dd>Home page for Python, an interpreted, interactive, object-oriented, extensible programming language. It provides an extraordinary combination of clarity and versatility, and is free and comprehensively ported.                      
                    </dd>
>>> anc[45].findParent('dt').findNextSibling()
<dt><a href="http://pypi.python.org/pypi?%3Aaction=index" add_date="1199680072" last_visit="1202678484" icon="data:image/x-icon;base64,AAABAAMAEBAAAAEAIABoBAAANgAAACAgAAABACAAqBAAAJ4EAAAwMAAAAQAgAKglAABGFQAAKAAAABAAAAAgAAAAAQAgAAAAAABABAAAAAAAAAAAAAAAAAAAAAAAAAAAAAAAAAAAAAAAAAAAAAAAAAAIAAAAHQAAADUAAABCAAAARwAAAEUAAAA4AAAAHwAAAAgAAAAAAAAAAAAAAAAAAAAAAAAAAAAAAAAAAAAAP9DxTDnT+swv0v33JtD//xzM//8Zx/rYEpfAewAAADsAAAASAAAAAAAAAAAAAAAAAAAAAAAAAAAAAAAAAAAAAE7e/fdE2///Otj//zDU//8m0P///////xvL/fcAAABAAAAAHAAAAAkAAAAFAAAAAQAAAAIAAAAJAAAAEwAAABJY4///Tt///0Tb//861///MNP//yXQ//8czP//AAAAQQAAADUAAAAsAAAAHgAAAAsAAAAIAAAAIQAAADwAAAA1Yuf//1jj//9O3///PcfoqjTF66kqwuupIb7rqRi766kYu+upEpvGeQAAAEEAAAAgo3VAb6JzPfeccDr/AAAAS2zr//9i5///WOP//07f//9D2///Odf//y/T//8kz///HMz//xzM//8SmsJ6AAAANK59Q9eoeUH/oXQ9/0syHFtv4/WzbOv//2Hn//9X4///Td///0Pb//851///LtP//yTP//8czP//GsHzwgAAAEGygUb3rX1E/6Z4QP+RZzaqAAAATm7h8qZq6f33Yeb//1fj//9N3///Qtv//zjX//8u0///JM///xvL/fcAAABHuYdK/7KBR/+rfEP/pXY//5NpNrZFMRtcAAAATAAAAEgAAABHAAAAQUXD4mtB2f33ONf//y3T//8jz///AAAARr6LTf+3hUn/sIBG/6p7Qv+jdT7/nHA7/5ZqN/+UaTb/kmg194dgMrYAAABPRc7siELa//831v//LdP//wAAAD3Dj1D/vIlM/7WESP+vf0X/qHlB/6F0Pf+bbzr/lGk2/5RpNv+UaTb/h2AytgAAAENL3v//Qdr//zbV/e0AAAAkxpFSvcGNT/+7iEv/tINI/619RP+meED/oHM9/5ltOf+UaTb/lGk2/5RpNv8AAABIVeL//0rd/fc+1fmCAAAACgAAAADEj05+v4pMoLaFSKGtfUOjoXQ9p5ZsOaqQZjaql2w4/5RpNv+UaTb/AAAASAAAABgAAAAAAAAAAAAAAAAAAAAAAAAAAAAAAAAAAAAAt4VJ/7GARv+qe0L/o3U+/51wO/+Wajf/lGk2/wAAAEEAAAAVAAAAAAAAAAAAAAAAAAAAAAAAAAAAAAAAAAAAALyKTP//////r39F/6h5Qf+idD7/m286/5RpNv8AAAAoAAAACwAAAAAAAAAAAAAAAAAAAAAAAAAAAAAAAAAAAADAjU6vuoZK7bSDSP+tfkT/p3hA/55xPPeWaDeSAAAACwAAAAMAAAAAAAAAAAAAAADwBwAA8AcAAPAAAAAAAAAAAAAAAAAAAAAAAAAAAAAAAAAAAAAAAAAAAAAAAAAAAACABwAA8AcAAPAHAADwBwAAKAAAACAAAABAAAAAAQAgAAAAAACAEAAAAAAAAAAAAAAAAAAAAAAAAAAAAAAAAAAAAAAAAAAAAAAAAAAAAAAAAAAAAAAAAAAAAAAAAAAAAAIAAAAJAAAAFQAAACUAAAAxAAAAOgAAAEEAAABEAAAAQAAAADkAAAAuAAAAIQAAABMAAAAIAAAAAQAAAAAAAAAAAAAAAAAAAAAAAAAAAAAAAAAAAAAAAAAAAAAAAAAAAAAAAAAAAAAAAAAAAAAAAAAAAAAAAAAAAAAAAAACAAAADgAAACUwuNx+McXutS7L9tgoy/ntJsv7/x/G9+MZwvXYE7TkqguGrW4AAABLAAAAPAAAACMAAAALAAAAAQAAAAAAAAAAAAAAAAAAAAAAAAAAAAAAAAAAAAAAAAAAAAAAAAAAAAAAAAAAAAAAAAAAAAAAAAAAAAAAAAAAAAlCy+t2Qdb67T7W/P851Pz/NNL8/y/Q+/8qzfv/Jcv7/yDJ+/8cx/r/FsX6/xDB+O0Ijbl8AAAARAAAACEAAAAHAAAAAAAAAAAAAAAAAAAAAAAAAAAAAAAAAAAAAAAAAAAAAAAAAAAAAAAAAAAAAAAAAAAAAAAAAAAAAAAAT9n3gU3d/f9I2v3/Q9j8/z7W/P851Pz/NNL8/y/Q+/8qzfv/Jcv7/3Pd/P/i+P7/e978/xHD+v8Ikrx6AAAAMwAAAA0AAAAAAAAAAAAAAAAAAAAAAAAAAAAAAAAAAAAAAAAAAAAAAAAAAAAAAAAAAAAAAAAAAAAAAAAAAAAAAABX3/ztUt/9/03c/f9I2v3/Q9j8/z7W/P851Pz/NNL8/y/P+/8qzfv/////////////////FsX6/xC78c0AAAA6AAAAEQAAAAAAAAAAAAAAAAAAAAAAAAAAAAAAAAAAAAAAAAAAAAAAAAAAAAAAAAAAAAAAAAAAAAAAAAAAAAAAAFvj/v9W4f3/Ut/9/03c/f9I2v3/Q9j8/z3W/P851Pz/NNL8/y/P+/+i6f3//////5Dk/f8bx/r/FcD12AAAADsAAAARAAAAAAAAAAAAAAAAAAAAAAAAAAAAAAAAAAAAAAAAAAAAAAAAAAAAAAAAAAAAAAAAAAAAAAAAAAAAAAAAYOX+/1vj/v9W4f3/Ud79/03c/f9I2v3/Q9j8/z3W/P841Pz/M9H8/y/P+/8qzfv/Jcv7/yDJ+/8Zw/XYAAAALAAAAA0AAAAAAAAAAAAAAAAAAAAAAAAAAAAAAAAAAAAAAAAAAAAAAAAAAAACAAAACAAAAA8AAAAUAAAAFwAAABJl5/7/YOX+/1vj/v9W4f3/Ud79/0zc/f9H2v3/Q9j8/z3W/P841Pz/M9H8/y7P+/8pzfv/Jcv7/x7G99gAAAAnAAAAHAAAABgAAAAXAAAAFAAAAA8AAAAHAAAAAQAAAAAAAAAAAAAAAgAAAA4AAAAkAAAANwAAAEEAAABGAAAANmrp/v9l5/7/YOX+/1vj/v9W4P3/Ud79/0zc/f8AAABaAAAATgAAAEgAAABIAAAASAAAAEgAAABIAAAASAAAAEgAAABIAAAASAAAAEYAAABBAAAANgAAACEAAAALAAAAAQAAAAAAAAAKonY+dqp6QtioeUDtp3hB/6R2P/8AAABIb+v//2rp/v9l5/7/YOX+/1vj/v9W4P3/Ud79/0zc/f9H2v3/Qtj8/z3W/P840/z/M9H8/y7P+/8pzfv/JMv7/x/J+/8axvr/FML47RC+9dgIkbp7AAAAQwAAACEAAAAHAAAAA659RIKxgUb/r39F/6x8Q/+pekL/pnhA/wAAAEh07f//b+v//2rp/v9k5/7/X+X+/1vj/v9W4P3/Ud79/0zc/f9H2v3/Qtj8/z3W/P840/z/M9H8/y7P+/8pzfv/JMv7/x/J+/8axvr/FcT6/xDC+v8Ij7p7AAAAOQAAABGjf0gctIRI97SCR/+xgEb/rn5E/6t8Q/+oeUH/AAAASXXu//9z7f//b+v//2rp/v9k5/7/X+X+/1ri/v9V4P3/Ud79/0zc/f9H2v3/Qtj8/z3V/P840/z/M9H8/y7P+/8pzfv/JMv7/x/I+/8axvr/FcT6/w6+9NgAAABIAAAAHreFSYC5hkr/toRJ/7OCR/+wgEb/rX1E/6p7Qv8AAABNde7//3Xu//9z7f//buv//2np/v9k5/7/X+X+/1ri/v9V4P3/UN79/0zc/f9H2v3/Qtj8/z3V/P840/z/MtH8/y7P+/8pzfv/JMv7/x/I+/8axvr/FcT6/wd1lmQAAAAtuYhLsLqIS/+4hkr/tYNI/7KBR/+vf0X/rH1D/3VSK2907P3tde7//3Xu//9z7f//buv//2np/v9k5/7/X+T+/1ri/v9V4P3/UN79/0vc/f9G2v3/Qtj8/z3V/P840/z/MtH8/y3P+/8ozfv/JMv7/x/I+/8axvr/E7LkqgAAADi+ik3XvIpM/7qHS/+3hUn/tINI/7GBRv+vfkX/nHA9qmHI2IN17v//de7//3Xu//9z7f//buv//2np/v9k5/7/X+T+/1ri/v9V4P3/UN79/0vc/f9G2v3/Qdf8/zzV/P840/z/MtH8/y3P+/8ozfv/I8r7/x7I+/8YwfXYAAAAPMGOT/+/i07/vIlM/7mHSv+2hUn/s4JH/7CARv+ufkT/cU8qc2HI2INy6/zjde7//3Xu//9z7f//buv//2np/v9k5/7/X+T+/1ri/v9V4P3/UN79/0vc/f9G2v3/Qdf8/zzV/P830/z/MtH8/y3P+/8ozfv/I8r7/xzC9tgAAAA+w49Q/8GNT/++i03/u4hL/7iGSv+1hEj/soJH/7B/Rf+tfUT/mnA6qmJGI2UAAABMAAAASQAAAEgAAABIAAAASAAAAEgAAABIAAAASAAAAEhHv9mBTdr52Evc/f9G2f3/Qdf8/zzV/P830/z/MtH8/y3P+/8ozPv/Isj57QAAADzFkVH/w49Q/8CMTv+9ik3/uohL/7eGSv+1g0j/soFG/69/Rf+sfEP/qXpC/6Z4QP+kdj//oXM9/55xPP+bbzr/mG04/5ZqN/+UaTb/lGk2/41kNM1kRiJwS9PwtEvc/f9G2f3/Qdf8/zzV/P830/z/MtH8/y3P+/8lx/bYAAAANsWSUOPFkFH/wo5P/7+MTv+8iUz/uYdL/7eFSf+0g0j/sYBG/65+Rf+rfEP/qHpB/6Z3QP+jdT7/oHM9/51wO/+bbjr/mGw4/5VqNv+UaTb/lGk2/5JoNfdkRiRwTdr52Evc/f9G2f3/Qdf8/zzV/P830/z/MtH8/yrI880AAAAux5NTvceSUv/EkFD/wY1P/76LTf+7iUz/uYdK/7aESf+zgkf/sIBG/61+RP+re0L/qHlB/6V3P/+idD7/n3I8/5xwO/+abjn/l2s4/5RpNv+UaTb/lGk2/5BmM9hHv9eBT979/0rb/f9F2f3/Qdf8/zzV/P830/z/LcLpqAAAACPJlVWPyZRT/8aRUv/Dj1D/wI1P/76KTf+7iEv/uIZK/7WESP+ygUf/r39F/619RP+qe0L/p3hA/6R2P/+hdD3/n3E8/5xvOv+ZbTn/lms3/5RpNv+UaTb/lGk2/wAAAEhU4P3/T979/0rb/f9F2f3/QNf8/zvV/P8tsNFxAAAAFsebWBfKk1L3yJNT/8WRUf/CjlD/wIxO/72KTP+6h0v/t4VJ/7SDSP+xgUb/r39F/6x8Q/+pekL/pnhA/6R1P/+hcz3/nnE7/5tvOv+YbDj/lWo3/5RpNv+UaTb/AAAASFni/v9U4P3/T939/0rb/f9F2f3/PtX69wAAACoAAAALAAAAAMyTVX7KlVT/x5JS/8SQUf/Cjk//v4xO/7yJTP+5h0r/toVJ/7SCR/+xgEb/rn5E/6t8Q/+oeUH/pXdA/6N1Pv+gcz3/nXA7/5puOf+XbDj/lWk2/5RpNv8AAABIXuT+/1ni/v9U4P3/T939/0rb/f9Bz/GVAAAAEQAAAAMAAAAAAAAAAMyWU2vHk1LjxpJS/8SPUP/BjU//votN/7uJTP+4hkr/toRJ/7OCR/+wf0X/rX1E/6p7Qv+neUH/pXc//6J0Pv+fcjz/nHA6/5ptOf+Xazf/lGk2/wAAAEhj5v7/XuT+/1ni/v9S3vv3Tdf3ogAAAAwAAAADAAAAAAAAAAAAAAAAAAAAAAAAAAAAAAAAAAAAAAAAAAAAAAAAAAAAEgAAADYAAABIAAAASAAAAEgAAABIAAAASAAAAEineED/pHY//6F0Pf+ecTz/m286/5ltOf+Wajf/AAAASAAAABgAAAAAAAAAAAAAAAAAAAAAAAAAAAAAAAAAAAAAAAAAAAAAAAAAAAAAAAAAAAAAAAAAAAAAAAAAAAAAAAC/jE7/vIpM/7qHS/+3hUn/tINI/7GBRv+ufkX/rHxD/6l6Qf+md0D/o3U+/6BzPf+dcTv/m286/5hsOP8AAABIAAAAGAAAAAAAAAAAAAAAAAAAAAAAAAAAAAAAAAAAAAAAAAAAAAAAAAAAAAAAAAAAAAAAAAAAAAAAAAAAAAAAAMGNT/+/i07/vIlM/7mHSv+2hUn/s4JH/7CARv+ufkT/q3tD/6h5Qf+ldz//onU+/6ByPP+dcDv/mm45/wAAAEcAAAAYAAAAAAAAAAAAAAAAAAAAAAAAAAAAAAAAAAAAAAAAAAAAAAAAAAAAAAAAAAAAAAAAAAAAAAAAAAAAAAAAw49Q/8GNT//n07z//////+DKr/+1hEj/soJH/7B/Rf+tfUT/qntC/6d4Qf+kdj//onQ+/59yPP+cbzr/AAAAQAAAABQAAAAAAAAAAAAAAAAAAAAAAAAAAAAAAAAAAAAAAAAAAAAAAAAAAAAAAAAAAAAAAAAAAAAAAAAAAAAAAADFkVH/w45Q/////////////////7eFSf+1g0j/soFG/69/Rf+sfEP/qXpC/6Z4QP+kdj//oXM9/5xvO/cAAAAsAAAACwAAAAAAAAAAAAAAAAAAAAAAAAAAAAAAAAAAAAAAAAAAAAAAAAAAAAAAAAAAAAAAAAAAAAAAAAAAAAAAAMWSUOPFkFH/4cen///////VtY//uYdL/7eFSf+0g0j/sYBG/65+RP+rfEP/qHpB/6Z3QP+jdT7/mW05pQAAABMAAAADAAAAAAAAAAAAAAAAAAAAAAAAAAAAAAAAAAAAAAAAAAAAAAAAAAAAAAAAAAAAAAAAAAAAAAAAAAAAAAAAyZBPQ8aQUPfEkFD/wY1P/76LTf+7iUz/uYZK/7aESf+zgkf/sIBG/61+RP+re0L/qHlB/6B0Pb8AAAAQAAAABAAAAAAAAAAAAAAAAAAAAAAAAAAAAAAAAAAAAAAAAAAAAAAAAAAAAAAAAAAAAAAAAAAAAAAAAAAAAAAAAAAAAAAAAAAAx5tYF8SQUo/BjU/Lv4xN2L6KTf+7iEv/uIZK/7WESP+wgEb3rX5D2Kp6Qr+mdz9cAAAABwAAAAIAAAAAAAAAAAAAAAAAAAAAAAAAAAAAAAAAAAAAAAAAAAAAAAD/gAD//wAAf/8AAH//AAB//wAAf/8AAH//AAB/wAAAAYAAAACAAAAAAAAAAAAAAAAAAAAAAAAAAAAAAAAAAAAAAAAAAAAAAAAAAAAAAAAAAAAAAAAAAAAAgAAAAMAAAAH/AAB//wAAf/8AAH//AAB//wAAf/8AAH//AAD//4AB/ygAAAAwAAAAYAAAAAEAIAAAAAAAgCUAAAAAAAAAAAAAAAAAAAAAAAAAAAAAAAAAAAAAAAAAAAAAAAAAAAAAAAAAAAAAAAAAAAAAAAAAAAAAAAAAAAAAAAAAAAAAAAAAAAAAAAEAAAAFAAAADQAAABcAAAAjAAAALgAAADYAAAA6AAAAPQAAAEIAAABFAAAAQQAAAD0AAAA6AAAAMwAAACsAAAAhAAAAFQAAAAsAAAADAAAAAAAAAAAAAAAAAAAAAAAAAAAAAAAAAAAAAAAAAAAAAAAAAAAAAAAAAAAAAAAAAAAAAAAAAAAAAAAAAAAAAAAAAAAAAAAAAAAAAAAAAAAAAAAAAAAAAAAAAAAAAAAAAAAAAAAAAAAAAAAAAAAAAQAAAAkAAAAcAAAAMyys0HMuweipLMXvwivL9dkmx/XZJcv57SPK+/8exffkGcP02RfB9NkTt+m2DqzdngmHrm8AAABMAAAAQAAAAC4AAAAYAAAACAAAAAEAAAAAAAAAAAAAAAAAAAAAAAAAAAAAAAAAAAAAAAAAAAAAAAAAAAAAAAAAAAAAAAAAAAAAAAAAAAAAAAAAAAAAAAAAAAAAAAAAAAAAAAAAAAAAAAAAAAAAAAAAAAAAAAAAAAABAAAACTm+2EM8z/PBPNT69zrU/P830/z/M9H8/zDQ+/8tzvv/Kc37/ybM+/8jyvv/IMn7/xzH+v8Zxvr/FsT6/xLD+v8PwPjtCKziqwJgfFoAAAA+AAAAHwAAAAgAAAAAAAAAAAAAAAAAAAAAAAAAAAAAAAAAAAAAAAAAAAAAAAAAAAAAAAAAAAAAAAAAAAAAAAAAAAAAAAAAAAAAAAAAAAAAAAAAAAAAAAAAAAAAAAAAAAAAAAAAAAAAAAAAAAAEQszrUEbY+/dD2Pz/QNf8/z3W/P861Pz/N9P8/zPR/P8w0Pv/Lc77/ynN+/8mzPv/I8r7/yDJ+/8cx/r/Gcb6/xbE+v8Sw/r/D8L6/wu++O0EgaVyAAAAPgAAABcAAAADAAAAAAAAAAAAAAAAAAAAAAAAAAAAAAAAAAAAAAAAAAAAAAAAAAAAAAAAAAAAAAAAAAAAAAAAAAAAAAAAAAAAAAAAAAAAAAAAAAAAAAAAAAAAAAAAAAAAAAAAAABL1/AzTNv790rb/f9H2v3/Q9j8/0DX/P891vz/OdT8/zbT/P8z0fz/MND7/y3O+/8pzfv/Jsz7/yLK+/8fyfv/HMf6/0PR+/8kx/r/EsP6/w/C+v8LvvjtAmF+WQAAACsAAAAJAAAAAAAAAAAAAAAAAAAAAAAAAAAAAAAAAAAAAAAAAAAAAAAAAAAAAAAAAAAAAAAAAAAAAAAAAAAAAAAAAAAAAAAAAAAAAAAAAAAAAAAAAAAAAAAAAAAAAAAAAABS3fmwUN79/03d/f9K2/3/R9r9/0PY/P9A1/z/PdX8/znU/P820/z/M9H8/zDQ+/8tzvv/Kc37/ybL+/8iyvv/x/H+///////x+///Xtb8/xLD+v8Pwfr/CKndngAAADkAAAAQAAAAAAAAAAAAAAAAAAAAAAAAAAAAAAAAAAAAAAAAAAAAAAAAAAAAAAAAAAAAAAAAAAAAAAAAAAAAAAAAAAAAAAAAAAAAAAAAAAAAAAAAAAAAAAAAAAAAAAAAAABW3/vYVN/9/1De/f9N3f3/Stv9/0fa/f9D2Pz/QNf8/z3V/P851Pz/NtP8/zPR/P8w0Pv/LM77/ynN+/9p2/z/////////////////xfH+/xXE+v8Sw/r/Drz02QAAAEEAAAAUAAAAAAAAAAAAAAAAAAAAAAAAAAAAAAAAAAAAAAAAAAAAAAAAAAAAAAAAAAAAAAAAAAAAAAAAAAAAAAAAAAAAAAAAAAAAAAAAAAAAAAAAAAAAAAAAAAAAAAAAAABa4v7/V+H9/1Tf/f9Q3v3/Td39/0rb/f9G2v3/Q9j8/0DX/P891fz/OdT8/zbT/P8z0fz/L9D7/yzO+/9e2fz/////////////////uO39/xjG+v8VxPr/EMD05AAAAEcAAAAXAAAAAAAAAAAAAAAAAAAAAAAAAAAAAAAAAAAAAAAAAAAAAAAAAAAAAAAAAAAAAAAAAAAAAAAAAAAAAAAAAAAAAAAAAAAAAAAAAAAAAAAAAAAAAAAAAAAAAAAAAABd5P7/WuL+/1fh/f9U3/3/UN79/03c/f9J2/3/Rtr9/0PY/P9A1/z/PdX8/znU/P820vz/MtH8/y/Q+/8szvv/oun9///////j+P7/SdL8/xzH+v8Yxvr/FcT6/wAAAEkAAAAYAAAAAAAAAAAAAAAAAAAAAAAAAAAAAAAAAAAAAAAAAAAAAAAAAAAAAAAAAAAAAAAAAAAAAAAAAAAAAAAAAAAAAAAAAAAAAAAAAAAAAAAAAAAAAAAAAAAAAAAAAABg5f7/XeT+/1ri/v9X4f3/VN/9/1De/f9N3P3/Sdv9/0ba/f9D2Pz/QNf8/z3V/P851Pz/NtL8/zLR/P8v0Pv/LM77/ynN+/8my/v/Isr7/x/I+/8cx/r/GMb6/wAAAEkAAAAYAAAAAAAAAAAAAAAAAAAAAAAAAAAAAAAAAAAAAAAAAAAAAAAAAAAAAAAAAAAAAAAAAAAAAAAAAAAAAAAAAAAAAAAAAAAAAAAAAAAAAAAAAAAAAAAAAAAAAAAAAABk5v7/YOX+/13k/v9a4v7/VuH9/1Pf/f9Q3v3/Tdz9/0nb/f9G2v3/Q9j8/z/X/P881fz/OdT8/zbS/P8y0fz/L9D7/yzO+/8ozfv/Jcv7/yLK+/8fyPv/HMf6/wAAADcAAAASAAAAAAAAAAAAAAAAAAAAAAAAAAAAAAAAAAAAAAAAAAAAAAAAAAAAAAAAAAAAAAAAAAAAAAAAAAAAAAAAAAAAAwAAAAsAAAATAAAAFwAAABgAAAAYAAAAGAAAABJn6P7/ZOb+/2Dl/v9d4/7/WeL+/1bh/f9T3/3/UN79/03c/f9J2/3/Rtr9/0PY/P8/1/z/PNX8/znU/P820vz/MtH8/y/Q+/8szvv/KM37/yXL+/8iyvv/H8j7/wAAACsAAAAfAAAAGAAAABgAAAAYAAAAGAAAABYAAAARAAAACAAAAAIAAAAAAAAAAAAAAAAAAAAAAAAAAAAAAAAAAAAGAAAAFgAAAC0AAAA/AAAARwAAAEkAAABJAAAASQAAADdq6f7/Z+j+/2Tm/v9g5f7/XeP+/1ni/v9W4f3/U9/9/1De/f9N3P3/Sdv9/wAAAFwAAABQAAAASQAAAEkAAABJAAAASQAAAEkAAABJAAAASQAAAEkAAABJAAAASQAAAEkAAABJAAAASQAAAEkAAABJAAAASQAAAEYAAAA7AAAAJwAAABEAAAAEAAAAAAAAAAAAAAAAAAAAAAAAAAWUajsro3U+p6p6Qu2pekL/p3lB/6Z3QP+kdj//onQ+/wAAAElt6///aun+/2bo/v9j5v7/YOX+/13j/v9Z4v7/VuH9/1Pf/f9P3v3/TNz9/0nb/f9G2f3/Q9j8/z/X/P881fz/OdT8/zXS/P8y0fz/L8/7/yzO+/8ozfv/Jcv7/yLK+/8eyPv/G8f6/xjF+v8VxPr/EcP6/wy89NkIodOTAAAATAAAADIAAAASAAAAAwAAAAAAAAAAAAAAAp5uRCWufUTjrn5F/6x9Q/+re0L/qXpB/6d4QP+ldz//o3U+/wAAAElw7P//bev//2rp/v9m6P7/Y+b+/2Dl/v9d4/7/WeL+/1bh/f9T3/3/T979/0zc/f9J2/3/Rtn9/0PY/P8/1/z/PNX8/zjU/P810vz/MtH8/y/P+/8szvv/KM37/yXL+/8hyvv/Hsj7/xvH+v8Yxfr/FcT6/xHD+v8Owfr/CbXswgAAAE8AAAArAAAACwAAAAAAAAAAAAAACLGARdixgUb/sH9F/65+RP+sfEP/qntC/6h5Qf+meED/pXY//wAAAEl07f//cOz//23q//9q6f7/Zuj+/2Pm/v9g5f7/XeP+/1ni/v9W4P3/U9/9/0/e/f9M3P3/Sdv9/0bZ/f9C2Pz/P9b8/zzV/P841Pz/NdL8/zLR/P8vz/v/K877/yjM+/8ly/v/Icr7/x7I+/8bx/r/GMX6/xXE+v8Rwvr/DsH6/wim2p8AAABDAAAAGQAAAAMAAAAAsIBEb7WDSP+zgkf/sYBG/69/Rf+tfUT/q3xD/6p6Qv+oeUH/pndA/wAAAEl17v//c+3//3Ds//9t6v//aun+/2bo/v9j5v7/YOX+/1zj/v9Z4v7/VuD9/1Pf/f9P3v3/TNz9/0nb/f9F2f3/Qtj8/z/W/P881fz/ONT8/zXS/P8y0fz/Ls/7/yvO+/8ozPv/Jcv7/yHK+/8eyPv/G8f6/xfF+v8UxPr/EcL6/w3A+PcCYX5ZAAAAKwAAAAkAAAACtYRJ2LaESf+0g0j/soFH/7CARv+vfkX/rX1E/6t7Q/+pekL/p3hB/wAAAEl17v//de7//3Pt//9w7P//ber//2rp/v9m6P7/Y+b+/1/l/v9c4/7/WeL+/1bg/f9T3/3/T979/0zc/f9I2/3/Rdn9/0LY/P8/1vz/PNX8/zjU/P810vz/MtH8/y7P+/8rzvv/KMz7/yXL+/8hyvv/Hsj7/xvH+v8Xxfr/FMT6/xHC+v8Mo9OTAAAAPQAAABOzhEsbuYdL/7eGSv+2hEn/tIJH/7KBRv+wf0X/rn5E/6x8Q/+qe0L/qHpB/wAAAEtz7f/3de7//3Xu//9z7f//cOz//23q//9q6f7/Zuf+/2Pm/v9f5f7/XOP+/1ni/v9W4P3/U9/9/0/d/f9M3P3/SNv9/0XZ/f9C2Pz/P9b8/zzV/P840/z/NdL8/zLR/P8uz/v/K877/yjM+/8ly/v/Icn7/x7I+/8bx/r/F8X6/xTE+v8PvvTkAAAASgAAAB64hUhtu4hL/7mHSv+3hUn/tYRI/7OCR/+xgUb/sH9F/65+RP+sfEP/qntC/1M8H1ly6vzYde7//3Xu//917v//c+3//3Ds//9s6v//aen+/2bn/v9j5v7/X+X+/1zj/v9Z4v7/VeD9/1Lf/f9P3f3/TNz9/0jb/f9F2f3/Qtj8/z7W/P871fz/ONP8/zXS/P8y0fz/Ls/7/yvO+/8nzPv/JMv7/yHJ+/8eyPv/G8f6/xfF+v8UxPr/CnmaYwAAACm6iUyhvIlM/7qIS/+4hkr/toVJ/7WDSP+zgkf/sYBG/69/Rf+tfUT/q3xD/4dfNIhq3O6Zde7//3Xu//917v//de7//3Pt//9v7P//bOr//2np/v9m5/7/Y+b+/1/l/v9c4/7/WeL+/1Xg/f9S3/3/T939/0zc/f9I2/3/Rdn9/0LY/P8+1vz/O9X8/zjT/P810vz/MtH8/y7P+/8rzvv/J8z7/yTL+/8hyfv/Hsj7/xvH+v8Xxfr/D6fVkgAAADK+ikzYvYpN/7uJTP+6h0v/uIZK/7aESf+0g0j/soFH/7CARv+vfkX/rX1E/6Z3QdkAAABQcu3943Xu//917v//de7//3Xu//9z7f//b+z//2zq//9p6f7/Zuf+/2Pm/v9f5P7/XOP+/1ni/v9V4P3/Ut/9/0/d/f9M3P3/SNr9/0XZ/f9C2Pz/Ptb8/zvV/P840/z/NdL8/zHQ/P8uz/v/K877/yfM+/8ky/v/Icn7/x7I+/8axvr/E7fptgAAADq9jE7jv4tO/72KTP+7iEv/uYdK/7eFSf+1hEj/tIJH/7KBRv+wf0X/rn5E/6x8Q/+NZTeUSpynYHLt/eN17v//de7//3Xu//917v//c+3//2/s//9s6v//aen+/2Xn/v9i5v7/X+T+/1zj/v9Z4v7/VeD9/1Lf/f9P3f3/S9z9/0ja/f9F2f3/Qtj8/z7W/P871fz/ONP8/zTS/P8x0Pz/Ls/7/yvO+/8nzPv/JMv7/yHJ+/8dyPv/GMH02QAAADzCjk//wIxO/76LTf+8iUz/uohL/7mGSv+3hUn/tYNI/7OCR/+xgUb/r39F/61+RP+sfEP/jWU3lDx7hllq2uubcu3943Xu//917v//de7//3Pt//9v7P//bOr//2np/v9l5/7/Yub+/1/k/v9c4/7/WeL+/1Xg/f9S3/3/Tt39/0vc/f9I2v3/Rdn9/0LY/P8+1vz/O9X8/zjT/P800vz/MdD8/y7P+/8rzvv/J8z7/yTL+/8hyfv/G8P12QAAADzDj1D/wY1P/7+MTv++ik3/vIlM/7qHS/+4hkr/toVJ/7SDSP+ygkf/sYBG/69/Rf+tfUT/q3xD/6R2P9mFXzSIAAAAUQAAAEsAAABJAAAASQAAAEkAAABJAAAASQAAAEkAAABJAAAASQAAAEkAAABJAAAASQAAAEc5oLFZTNLup03b+/dL3P3/SNr9/0XZ/f9C2Pz/Ptb8/zvV/P840/z/NNL8/zHQ/P8uz/v/K877/yfM+/8ky/v/H8T12QAAADzFkFH/w45Q/8GNT/+/jE7/vYpN/7uJTP+5h0v/t4ZK/7aESf+0g0j/soFH/7CARv+ufkX/rH1D/6t7Qv+pekH/p3hA/6V3P/+jdT7/oXQ9/6ByPP+ecTv/nG86/5puOf+YbDj/lms3/5VpNv+UaTb/lGk2/5FmNOSPZjTNdVMphyl2iFZM2PjMS9z9/0ja/f9E2f3/Qdf8/z7W/P871fz/ONP8/zTS/P8x0Pz/Lc/7/yrN+/8nzPv/Isb12QAAADnFj1D3xJBR/8KOUP/AjU//v4tO/72KTP+7iEv/uYdK/7eFSf+1hEj/s4JH/7GBRv+wf0X/rn5E/6x8Q/+qe0L/qHlB/6Z4QP+ldj//o3U+/6FzPf+fcjz/nXA7/5tvOv+abTn/mGw4/5ZqN/+UaTb/lGk2/5RpNv+UaTb/lGk2/45lM85GMhxbStX1wEvc/f9I2v3/RNn9/0HX/P8+1vz/O9X8/zjT/P800vz/MdD7/y3P+/8qzfv/Jcb12QAAADHGkVHYxZFR/8SPUP/Cjk//wIxO/76LTf+8iUz/uohL/7mGSv+3hUn/tYNI/7OCR/+xgUb/r39F/61+RP+sfEP/qntC/6h5Qf+md0D/pHY//6J0Pv+gcz3/n3E8/51wO/+bbzr/mW05/5dsOP+Vajf/lGk2/5RpNv+UaTb/lGk2/5RpNv+MYzHCLXyOVE3b+/dL3P3/SNr9/0TZ/f9B1/z/Ptb8/zvV/P830/z/NNL8/zHQ+/8tz/v/Jb7oqQAAACnHkVGvx5JS/8WQUf/Dj1D/wY1P/7+MTv++ik3/vIlM/7qHS/+4hkr/toVJ/7SDSP+ygkf/sYBG/69/Rf+tfUT/q3xD/6l6Qv+neUH/pndA/6R2P/+idD7/oHM9/55xPP+ccDv/m246/5htOP+Xazf/lWo2/5RpNv+UaTb/lGk2/5RpNv+UaTb/bUwne0vQ7phO3f3/S9z9/0ja/f9E2f3/Qdf8/z3W/P861Pz/N9P8/zTS/P8x0Pv/JbXbjwAAACHJlFF9yJNT/8aRUv/EkFH/w45Q/8GNT/+/jE7/vYpN/7uJTP+5h0v/t4ZK/7aESf+0g0j/soFH/7CARv+ufkX/rH1D/6t7Qv+pekH/p3hA/6V3P/+jdT7/oXQ9/6ByPP+ecTv/nG86/5puOf+YbDj/lms3/5VpNv+UaTb/lGk2/5RpNv+UaTb/jGMxwjqktVdR3v3/Tt39/0vc/f9I2v3/RNn9/0HX/P891vz/OtT8/zfT/P800vz/JaDDZwAAABfHkE0uyZRT/8eTUv/GkVH/xJBQ/8KOT//AjU7/votN/7yKTP+7iEv/uYdK/7eFSf+1hEj/s4JH/7GBRv+wf0X/rn5E/6x8Q/+qe0L/qHlB/6Z4QP+ldj//o3U+/6FzPf+fcjz/nXA7/5tvOv+abTn/mGw4/5ZqN/+UaTb/lGk2/5RpNv+UaTb/j2Yz2QAAAEZU4P3/Ud79/07d/f9L3P3/R9r9/0TZ/P9B1/z/Pdb8/zrU/P820fr3AAAANgAAAA4AAAAAypNT48mUU//HklL/xZFR/8OPUP/Bjk//wIxO/76LTf+8iUz/uohL/7iGSv+2hUn/tYNI/7OCR/+xgEb/r39F/619RP+rfEP/qnpC/6h5Qf+md0D/pHY//6J0Pv+gcz3/n3E8/51wO/+bbzr/mW05/5dsOP+Vajf/lGk2/5RpNv+UaTb/lGk2/wAAAElY4f3/VOD9/1He/f9O3f3/Stv9/0fa/f9E2fz/Qdf8/z3W/P83y/HBAAAAJAAAAAcAAAAAzJRTfcqVVP/Ik1P/xpJS/8WQUf/Dj1D/wY1P/7+MTv+9ik3/u4lM/7qHS/+4hkr/toRJ/7SDSP+ygUf/sIBG/69+Rf+tfUT/q3tD/6l6Qv+neEH/pXdA/6R1P/+idD7/oHM9/55xPP+ccDr/mm45/5htOP+Xazf/lWo2/5RpNv+UaTb/lGk2/wAAAElb4/7/WOH9/1Tg/f9R3v3/Tt39/0rb/f9H2v3/RNn8/0HX/P8zudluAAAAEgAAAAIAAAAAAAAAAMuVVb3KlFT/yJNT/8aRUv/EkFH/wo5Q/8CNT/+/i07/vYpM/7uIS/+5h0r/t4VJ/7WESP+0gkf/soFG/7B/Rf+ufkT/rHxD/6p7Qv+oekH/p3hA/6V3P/+jdT7/oXQ9/59yPP+dcTv/nG86/5puOf+YbDj/lms3/5RpNv+UaTb/lGk2/wAAAEle5P7/W+P+/1jh/f9U4P3/Ud79/07d/f9K2/3/R9r9/0LV99gAAAAaAAAABQAAAAAAAAAAAAAAAAAAAADKlFO9yZRT/8eTUv/GkVH/xJBQ/8KOT//AjU7/votN/7yKTP+7iEv/uYdK/7eFSf+1g0j/s4JH/7GBRv+vf0X/rX5E/6x8Q/+qe0L/qHlB/6Z4QP+kdj//onU+/6FzPf+fcjz/nXA7/5tvOv+ZbTn/l2w4/5ZqN/+UaTb/lGk2/wAAAElh5f7/XuT+/1ri/v9X4f3/VOD9/1He/f9O3f3/Sdj74zu92ysAAAAGAAAAAAAAAAAAAAAAAAAAAAAAAAAAAAAAxZJTWciTUszGkFD3xZFR/8OPUP/Bjk//wIxO/76LTf+8iUz/uohL/7iGSv+2hUn/tYNI/7OCR/+xgEb/r39F/619RP+rfEP/qXpC/6d5Qf+md0D/pHY//6J0Pv+gcz3/nnE8/5xwO/+bbjr/mW05/5drOP+Vajf/lGk2/wAAAElk5/7/YeX+/17k/v9a4v7/V+H9/1Le/PdP2vmxRcjnIQAAAAQAAAAAAAAAAAAAAAAAAAAAAAAAAAAAAAAAAAAAAAAAAAAAAAAAAAAAAAAAAAAAAAAAAAAAAAAAAAAAAAAAAAASAAAANwAAAEkAAABJAAAASQAAAEkAAABJAAAASQAAAEkAAABJAAAASQAAAEmneEH/pXdA/6R1P/+idD7/oHM9/55xPP+cbzr/mm45/5hsOP+Wazf/lWk2/wAAAEkAAAAYAAAAAAAAAAAAAAAAAAAAAAAAAAAAAAAAAAAAAAAAAAAAAAAAAAAAAAAAAAAAAAAAAAAAAAAAAAAAAAAAAAAAAAAAAAAAAAAAAAAAAAAAAAAAAAAAAAAAAAAAAAC/i07/vYpM/7uIS/+5h0r/t4VJ/7WESP+0gkf/soFG/7B/Rf+ufkT/rHxD/6p7Qv+oekH/p3hA/6V3P/+jdT7/oXQ9/59yPP+dcTv/nG86/5puOf+YbDj/lms3/wAAAEkAAAAYAAAAAAAAAAAAAAAAAAAAAAAAAAAAAAAAAAAAAAAAAAAAAAAAAAAAAAAAAAAAAAAAAAAAAAAAAAAAAAAAAAAAAAAAAAAAAAAAAAAAAAAAAAAAAAAAAAAAAAAAAADAjE7/votN/7yJTP+6iEv/uYZK/7eFSf+1g0j/s4JH/7GBRv+vf0X/rX5E/6x8Q/+qe0L/qHlB/6Z4QP+kdj//onU+/6FzPf+fcjz/nXA7/5tvOv+ZbTn/l2w4/wAAAEkAAAAYAAAAAAAAAAAAAAAAAAAAAAAAAAAAAAAAAAAAAAAAAAAAAAAAAAAAAAAAAAAAAAAAAAAAAAAAAAAAAAAAAAAAAAAAAAAAAAAAAAAAAAAAAAAAAAAAAAAAAAAAAADBjU//v4xO/76KTf+8iUz/uodL/7iGSv+2hUn/tINI/7KCR/+xgEb/r39F/619RP+rfEP/qXpC/6d5Qf+md0D/pHY//6J0Pv+gcz3/nnE8/5xwO/+bbjr/mW05/wAAAEkAAAAYAAAAAAAAAAAAAAAAAAAAAAAAAAAAAAAAAAAAAAAAAAAAAAAAAAAAAAAAAAAAAAAAAAAAAAAAAAAAAAAAAAAAAAAAAAAAAAAAAAAAAAAAAAAAAAAAAAAAAAAAAADDjlD/wY1P/7+MTv/FmGP/4cuw/+XSu//AlWD/toRJ/7SDSP+ygUf/sIBG/65+Rf+sfUP/q3tC/6l6Qf+neED/pXc//6N1Pv+hdD3/oHI8/55xO/+cbzr/mm45/wAAAEcAAAAXAAAAAAAAAAAAAAAAAAAAAAAAAAAAAAAAAAAAAAAAAAAAAAAAAAAAAAAAAAAAAAAAAAAAAAAAAAAAAAAAAAAAAAAAAAAAAAAAAAAAAAAAAAAAAAAAAAAAAAAAAADEkFD/wo5P/8CNTv/38On////////////28Oj/t4VJ/7WESP+zgkf/sYFG/7B/Rf+ufkT/rHxD/6p7Qv+oeUH/pnhA/6V2P/+jdT7/oXM9/59yPP+dcDv/m286/wAAAD8AAAATAAAAAAAAAAAAAAAAAAAAAAAAAAAAAAAAAAAAAAAAAAAAAAAAAAAAAAAAAAAAAAAAAAAAAAAAAAAAAAAAAAAAAAAAAAAAAAAAAAAAAAAAAAAAAAAAAAAAAAAAAADEj0/3xI9Q/8KOT///////////////////////wZVh/7aFSf+1g0j/s4JH/7GARv+vf0X/rX1E/6t8Q/+qekL/qHlB/6Z3QP+kdj//onQ+/6BzPf+fcTz/m2454wAAADIAAAAMAAAAAAAAAAAAAAAAAAAAAAAAAAAAAAAAAAAAAAAAAAAAAAAAAAAAAAAAAAAAAAAAAAAAAAAAAAAAAAAAAAAAAAAAAAAAAAAAAAAAAAAAAAAAAAAAAAAAAAAAAADHkVHXxZBR/8OPUP/v4tP////////////y6d3/uodL/7iGSv+2hUn/tINI/7KCR/+xgEb/r39F/619RP+re0P/qXpC/6d4Qf+ld0D/pHU//6J0Pv+gcz3/l2w4wQAAAB0AAAAFAAAAAAAAAAAAAAAAAAAAAAAAAAAAAAAAAAAAAAAAAAAAAAAAAAAAAAAAAAAAAAAAAAAAAAAAAAAAAAAAAAAAAAAAAAAAAAAAAAAAAAAAAAAAAAAAAAAAAAAAAADHkFKPxpFS/8SQUf/HlVv/3L+c/9/Gp//BkVj/u4lM/7mHS/+3hkr/toRJ/7SDSP+ygUf/sIBG/65+Rf+sfUP/q3tC/6l6Qf+neED/pXc//6N1Pv+gcjz3hl4zRgAAAAoAAAABAAAAAAAAAAAAAAAAAAAAAAAAAAAAAAAAAAAAAAAAAAAAAAAAAAAAAAAAAAAAAAAAAAAAAAAAAAAAAAAAAAAAAAAAAAAAAAAAAAAAAAAAAAAAAAAAAAAAAAAAAADHm1gXxZJQ48aRUf/EkFD/wo5P/8CNTv++i03/vIpM/7uIS/+5h0r/t4VJ/7WESP+zgkf/sYFG/7B/Rf+ufkT/rHxD/6p7Qv+oeUH/pnhA/6R0PveUajdlAAAACwAAAAIAAAAAAAAAAAAAAAAAAAAAAAAAAAAAAAAAAAAAAAAAAAAAAAAAAAAAAAAAAAAAAAAAAAAAAAAAAAAAAAAAAAAAAAAAAAAAAAAAAAAAAAAAAAAAAAAAAAAAAAAAAAAAAAAAAAAAx5tYF8WRUaDEj0/3w49Q/8GOT//AjE7/votN/7yJTP+6iEv/uIZK/7aFSf+1g0j/s4JH/7GARv+vf0X/rX1E/6t8Q/+qekL/pXc/2J1uPEwAAAAGAAAAAQAAAAAAAAAAAAAAAAAAAAAAAAAAAAAAAAAAAAAAAAAAAAAAAAAAAAAAAAAAAAAAAAAAAAAAAAAAAAAAAAAAAAAAAAAAAAAAAAAAAAAAAAAAAAAAAAAAAAAAAAAAAAAAAAAAAAAAAAAAAAAAAAAAAAAAAAAAwoxNWcCNT6DAjE3MvotM2LyJTPe7iUz/uodL/7iGSv+2hEn/tINI/7GAReOuf0TYq3tCsad6QJKleDwzAAAABAAAAAEAAAAAAAAAAAAAAAAAAAAAAAAAAAAAAAAAAAAAAAAAAAAAAAAAAAAAAAAAAAAAAAAAAAAAAAAAAAAAAAD//AAAP/8Af//4AAAP/wB///AAAA//AH//8AAAB/8AAf/wAAAH/wAA//AAAAf/AAD/8AAAB/8AAP/wAAAH/wAA//AAAAf/AAD/8AAAB/8AAP/wAAAH/wAA8AAAAAAHAAHgAAAAAAMAf8AAAAAAAQB/gAAAAAABAH+AAAAAAAAB/4AAAAAAAAAAAAAAAAAAAAAAAAAAAAAAAAAAAAAAAAAAAAAAAAAAAAAAAAAAAAAAAAAAAAAAAAAAAAAAAAAAAAAAAAAAAAAAAAAAAAAAAAAAAAAAAAAAAAAAAAAAAAAAAAAAAAAAAAAAAAAAAAAAAAAAAAAAAAAAAIAAAAAAAAAAgAAAAAAAAADAAAAAAAEAAOAAAAAAAwAA8AAAAAAHAAD/8AAAB/8AAP/wAAAH/wAA//AAAAf/AAD/8AAAB/8AAP/wAAAH/wAA//AAAAf/AAD/8AAAB/8AAP/wAAAH/wAA//AAAAf/AAD/8AAAD/8AAP/4AAAf/wAA//8AAH//AAA=" last_charset="UTF-8" id="rdf:#$qjD032">Python Package Index : Index of Packages</a>
</dt>
>>> anc[45].findParent('dt').findNextSibling().name
u'dt'
>>> new = bs('')
>>> new.append(tag)
Traceback (most recent call last):
  File "<input>", line 1, in <module>
NameError: name 'tag' is not defined
>>> new.prettify()
''
>>> new.append('html')
>>> new.prettify()
''
>>> new.append('body')
>>> 
>>> new.prettify()
''
>>> html = bs('<html><body></body></html>')
>>> html.prettify()
'<html>\n <body>\n </body>\n</html>'
>>> new.append(html)
>>> new.prettify()
' <html>\n  <body>\n  </body>\n </html>'
>>> new.hidden()
Traceback (most recent call last):
  File "<input>", line 1, in <module>
TypeError: 'int' object is not callable
>>> new.hidden
1
>>> new.i
'amp'
>>> new.insert(5, '<hi />')
>>> new.prettify()
' <html>\n  <body>\n  </body>\n </html><hi />\n'
>>> new
<html><body></body></html><hi />
>>> new.contents
['html', 'body', <html><body></body></html>, u'<hi />']
>>> len(anc[45]['icon'])
342
>>> anc[45]['icon'].extract()
Traceback (most recent call last):
  File "<input>", line 1, in <module>
AttributeError: 'unicode' object has no attribute 'extract'
>>> del anc[45]['icon']
>>> len(anc[45]['icon'])
Traceback (most recent call last):
  File "<input>", line 1, in <module>
  File "C:\Python25\lib\site-packages\BeautifulSoup.py", line 430, in __getitem__
    return self._getAttrMap()[key]
KeyError: 'icon'
>>> anc
*********friggin' long list*****************
>>> anc[45]
<a href="http://docs.python.org/lib/lib.html" add_date="1199837566" last_visit="1202678360" last_charset="UTF-8" id="rdf:#$+bhuz3">Python Library Reference</a>
>>> 